---
source: parser/src/lexer_v2/mod.rs
expression: tokens
---
[
    Token {
        kind: String,
        length: 14,
        value: String(
            "\\N{EN SPACE}",
        ),
        flags: TokenFlags(
            0x0,
        ),
    },
    Token {
        kind: Newline,
        length: 0,
        value: None,
        flags: TokenFlags(
            0x0,
        ),
    },
    Token {
        kind: EndOfFile,
        length: 0,
        value: None,
        flags: TokenFlags(
            0x0,
        ),
    },
]
