---
source: parser/src/lexer_v2/mod.rs
expression: tokens
---
[
    Token {
        kind: Lpar,
        length: 1,
        value: None,
        flags: TokenFlags(
            0x0,
        ),
    },
    Token {
        kind: NonLogicalNewline,
        length: 1,
        value: None,
        flags: TokenFlags(
            0x0,
        ),
    },
    Token {
        kind: Whitespace,
        length: 8,
        value: None,
        flags: TokenFlags(
            0x0,
        ),
    },
    Token {
        kind: String,
        length: 3,
        value: String(
            "a",
        ),
        flags: TokenFlags(
            0x0,
        ),
    },
    Token {
        kind: NonLogicalNewline,
        length: 1,
        value: None,
        flags: TokenFlags(
            0x0,
        ),
    },
    Token {
        kind: Whitespace,
        length: 8,
        value: None,
        flags: TokenFlags(
            0x0,
        ),
    },
    Token {
        kind: String,
        length: 3,
        value: String(
            "b",
        ),
        flags: TokenFlags(
            0x0,
        ),
    },
    Token {
        kind: NonLogicalNewline,
        length: 1,
        value: None,
        flags: TokenFlags(
            0x0,
        ),
    },
    Token {
        kind: NonLogicalNewline,
        length: 1,
        value: None,
        flags: TokenFlags(
            0x0,
        ),
    },
    Token {
        kind: Whitespace,
        length: 8,
        value: None,
        flags: TokenFlags(
            0x0,
        ),
    },
    Token {
        kind: String,
        length: 3,
        value: String(
            "c",
        ),
        flags: TokenFlags(
            0x0,
        ),
    },
    Token {
        kind: Whitespace,
        length: 1,
        value: None,
        flags: TokenFlags(
            0x0,
        ),
    },
    Token {
        kind: LineContinuation,
        length: 2,
        value: None,
        flags: TokenFlags(
            0x0,
        ),
    },
    Token {
        kind: Whitespace,
        length: 8,
        value: None,
        flags: TokenFlags(
            0x0,
        ),
    },
    Token {
        kind: String,
        length: 3,
        value: String(
            "d",
        ),
        flags: TokenFlags(
            0x0,
        ),
    },
    Token {
        kind: NonLogicalNewline,
        length: 1,
        value: None,
        flags: TokenFlags(
            0x0,
        ),
    },
    Token {
        kind: Whitespace,
        length: 4,
        value: None,
        flags: TokenFlags(
            0x0,
        ),
    },
    Token {
        kind: Rpar,
        length: 1,
        value: None,
        flags: TokenFlags(
            0x0,
        ),
    },
    Token {
        kind: Newline,
        length: 0,
        value: None,
        flags: TokenFlags(
            0x0,
        ),
    },
    Token {
        kind: EndOfFile,
        length: 0,
        value: None,
        flags: TokenFlags(
            0x0,
        ),
    },
]
