---
source: parser/src/parser.rs
expression: "ast::Suite::parse(source, \"<test>\").unwrap()"
---
[
    ClassDef(
        StmtClassDef {
            range: 0..26,
            name: Identifier(
                "Foo",
            ),
            bases: [
                Name(
                    ExprName {
                        range: 13..14,
                        id: Identifier(
                            "A",
                        ),
                        ctx: Load,
                    },
                ),
                Name(
                    ExprName {
                        range: 16..17,
                        id: Identifier(
                            "B",
                        ),
                        ctx: Load,
                    },
                ),
            ],
            keywords: [],
            body: [
                Pass(
                    StmtPass {
                        range: 22..26,
                    },
                ),
            ],
            decorator_list: [],
            type_params: [
                TypeVar(
                    TypeParamTypeVar {
                        range: 10..11,
                        name: Identifier(
                            "T",
                        ),
                        bound: None,
                    },
                ),
            ],
        },
    ),
]
